Algorithm : BFS
Source : 0
Traversal : 0 1 2 13 14 19 32 76 5 6 7 8 10 15 3 4 48 25 38 27 87 37 47 59 41 54 66 12 16 21 40 43 17 26 52 97 9 29 65 33 69 72 89 30 46 31 34 95 92 68 77 88 96 62 71 18 35 39 84 58 20 24 36 79 22 11 81 50 67 70 98 64 91 49 75 28 86 51 80 90 85 82 93 56 55 73 60 74 42 53 63 23 44 45 83 94 61 57 78 
Distances
0 0
1 1
2 1
3 2
4 2
5 2
6 2
7 2
8 2
9 3
10 2
11 4
12 3
13 1
14 1
15 2
16 3
17 3
18 4
19 1
20 4
21 3
22 4
23 5
24 4
25 2
26 3
27 2
28 4
29 3
30 3
31 3
32 1
33 3
34 3
35 4
36 4
37 2
38 2
39 4
40 3
41 3
42 5
43 3
44 5
45 5
46 3
47 2
48 2
49 4
50 4
51 4
52 3
53 5
54 3
55 5
56 5
57 6
58 4
59 2
60 5
61 6
62 4
63 5
64 4
65 3
66 3
67 4
68 3
69 3
70 4
71 4
72 3
73 5
74 5
75 4
76 1
77 3
78 6
79 4
80 4
81 4
82 4
83 5
84 4
85 4
86 4
87 2
88 3
89 3
90 4
91 4
92 3
93 5
94 5
95 3
96 4
97 3
98 4
99 -1
Execution Time : 0.005 ms
