Algorithm: Betweenness Centrality
Vertex Centrality
0 0.00
1 7489.61
2 5935.18
3 1924.90
4 1469.23
5 1777.90
6 2479.20
7 951.60
8 6593.69
9 5574.60
10 2437.91
11 5978.17
12 2981.81
13 1577.31
14 5034.41
15 2064.69
16 338.07
17 998.20
18 13360.07
19 2914.82
20 5293.30
21 1794.39
22 5250.18
23 2095.76
24 2078.94
25 5809.57
26 507.06
27 4231.29
28 4376.90
29 4559.75
30 4997.67
31 7008.36
32 2359.31
33 415.74
34 685.96
35 2975.80
36 5930.84
37 2153.81
38 7106.73
39 4279.52
40 9385.51
41 3777.97
42 378.76
43 2039.63
44 9796.18
45 2724.74
46 1801.88
47 9577.51
48 11951.05
49 2471.32
50 531.47
51 1448.57
52 3970.91
53 1685.47
54 1949.43
55 7063.49
56 7494.41
57 4831.19
58 2896.90
59 615.33
60 10547.67
61 7696.95
62 9835.02
63 1072.46
64 1546.80
65 2799.16
66 667.84
67 436.40
68 1717.81
69 6447.89
70 16520.02
71 8565.30
72 2132.13
73 1775.02
74 1633.04
75 4848.07
76 13117.62
77 11243.59
78 11333.47
79 1873.67
80 575.39
81 1489.92
82 378.28
83 1443.91
84 7973.59
85 7294.45
86 1246.11
87 1267.86
88 2863.63
89 5064.12
90 3373.31
91 6491.41
92 5571.55
93 10809.58
94 876.93
95 10496.96
96 2742.43
97 7262.75
98 1905.27
99 550.43
100 1915.03
101 3303.92
102 6432.49
103 3908.77
104 1973.43
105 488.97
106 3379.62
107 4411.85
108 10543.47
109 8819.23
110 4053.94
111 6437.14
112 6858.70
113 9701.48
114 1920.07
115 3918.98
116 4266.01
117 4652.38
118 1600.47
119 1273.92
120 3162.60
121 3440.57
122 5734.06
123 2421.33
124 7976.79
125 1590.00
126 1608.35
127 4384.66
128 5361.32
129 3603.63
130 8391.51
131 4806.74
132 1406.15
133 989.84
134 1373.14
135 3371.28
136 4118.60
137 1820.84
138 3761.56
139 9175.03
140 622.76
141 676.73
142 7868.17
143 2226.54
144 4265.40
145 562.67
146 687.45
147 7406.09
148 6637.05
149 18505.30
150 2627.79
151 1692.94
152 1387.99
153 3145.46
154 6854.21
155 6024.19
156 2889.83
157 4311.67
158 722.99
159 6740.87
160 1506.46
161 367.21
162 3312.68
163 1794.74
164 6239.79
165 3314.03
166 1882.93
167 6221.09
168 14088.73
169 6785.96
170 2476.82
171 6945.32
172 8907.69
173 13643.75
174 10178.98
175 7683.19
176 6721.98
177 13804.08
178 3675.39
179 5670.27
180 12029.98
181 3964.74
182 1400.83
183 1655.75
184 11486.32
185 5132.74
186 5967.25
187 7198.54
188 1972.48
189 400.17
190 1689.28
191 5358.34
192 14601.80
193 2385.59
194 786.32
195 8939.12
196 8827.51
197 5023.83
198 2006.85
199 5297.19
200 415.38
201 1903.59
202 12619.78
203 7032.24
204 11796.64
205 7228.74
206 4805.32
207 4705.58
208 1981.04
209 3399.99
210 6151.85
211 4279.34
212 890.20
213 13384.09
214 1033.23
215 8986.12
216 5314.34
217 2674.06
218 4381.52
219 858.47
220 7347.18
221 7633.38
222 6204.16
223 2718.15
224 1467.53
225 194.26
226 1932.53
227 11416.36
228 12771.13
229 3166.62
230 3959.59
231 661.53
232 2392.74
233 1254.78
234 2174.38
235 3684.08
236 2424.34
237 5263.43
238 1607.53
239 3554.15
240 6950.67
241 3720.46
242 1214.64
243 14620.56
244 4816.96
245 3573.91
246 1579.96
247 389.71
248 2944.38
249 4937.99
250 1875.27
251 2644.02
252 1187.41
253 1681.38
254 2494.60
255 7437.62
256 9991.10
257 2709.50
258 5727.76
259 1541.68
260 4286.98
261 13505.61
262 8359.92
263 5034.28
264 10878.72
265 10877.02
266 4112.99
267 2280.74
268 7107.44
269 10379.46
270 606.27
271 443.15
272 6275.65
273 3608.54
274 702.03
275 4938.84
276 6913.06
277 539.73
278 2359.12
279 11381.72
280 7573.28
281 2463.14
282 3740.91
283 1533.29
284 1915.45
285 2085.37
286 10364.20
287 2484.48
288 3132.18
289 1999.94
290 6766.78
291 3747.19
292 6237.64
293 7815.41
294 4205.62
295 9367.94
296 3959.85
297 435.96
298 962.59
299 7781.31
300 1957.47
301 5145.52
302 2021.57
303 3316.79
304 2358.95
305 596.04
306 8483.96
307 9890.91
308 975.30
309 5185.53
310 10251.07
311 10435.59
312 4267.75
313 1577.94
314 6089.68
315 13300.53
316 8362.65
317 2373.53
318 5227.83
319 7635.91
320 9729.25
321 2838.12
322 549.91
323 2624.53
324 64.81
325 815.41
326 8502.83
327 790.64
328 1106.03
329 1757.88
330 5701.67
331 3883.64
332 7672.43
333 3571.70
334 646.33
335 6261.34
336 2557.86
337 4958.56
338 2373.21
339 5906.85
340 5053.10
341 650.94
342 2819.29
343 1789.41
344 2051.43
345 2895.62
346 6424.21
347 17029.49
348 3656.53
349 1316.46
350 1704.83
351 6966.08
352 4617.54
353 1558.38
354 668.27
355 5060.15
356 2296.01
357 5943.70
358 9971.74
359 1419.94
360 8924.11
361 2093.49
362 2653.81
363 15685.56
364 4657.44
365 3945.66
366 1903.80
367 1967.29
368 2301.75
369 468.74
370 1875.28
371 6839.04
372 2371.93
373 1342.85
374 339.07
375 2049.70
376 4061.73
377 538.39
378 2222.65
379 6778.47
380 757.54
381 1123.04
382 1699.24
383 4205.82
384 4291.51
385 810.59
386 2884.38
387 441.67
388 1991.29
389 1518.70
390 5008.32
391 2511.12
392 450.46
393 1768.47
394 2746.39
395 5756.58
396 4701.59
397 2002.93
398 1624.41
399 3745.13
400 2273.80
401 10845.00
402 4662.46
403 5024.86
404 1366.95
405 3210.86
406 7428.72
407 4784.72
408 661.95
409 3253.14
410 3573.95
411 3954.12
412 3594.56
413 7199.42
414 2134.00
415 566.22
416 8797.91
417 10030.50
418 11861.16
419 976.92
420 1100.09
421 1091.24
422 1746.05
423 6686.48
424 8930.48
425 3316.61
426 10729.94
427 2051.96
428 3412.44
429 4260.00
430 16514.69
431 6714.29
432 10397.99
433 1033.30
434 3505.35
435 6846.97
436 8027.02
437 860.75
438 4236.12
439 872.64
440 290.64
441 2181.12
442 6181.48
443 11293.44
444 6396.30
445 6732.92
446 8608.03
447 12425.00
448 3609.12
449 773.70
450 9364.27
451 8308.84
452 8837.36
453 6047.47
454 4239.18
455 5733.43
456 2320.91
457 4414.65
458 621.01
459 3573.68
460 6101.55
461 9796.51
462 5905.64
463 953.25
464 9645.84
465 15365.59
466 7350.35
467 1946.26
468 400.73
469 1797.68
470 7136.15
471 799.63
472 3524.63
473 5268.91
474 1365.62
475 13215.07
476 13313.90
477 9285.98
478 2749.59
479 6097.67
480 4057.95
481 3110.46
482 5953.52
483 5828.52
484 3250.92
485 1363.56
486 2638.97
487 3489.58
488 3131.32
489 1668.65
490 1556.75
491 3276.14
492 5412.83
493 7969.80
494 4884.43
495 5142.72
496 2112.33
497 4070.69
498 6483.29
499 3786.80
500 2538.97
501 8920.20
502 4207.23
503 7267.80
504 4011.32
505 5796.13
506 2171.70
507 6552.18
508 7178.02
509 15783.40
510 8781.22
511 7663.25
512 11686.04
513 6996.48
514 1459.80
515 7353.62
516 10525.76
517 4531.88
518 4397.75
519 6528.49
520 5197.97
521 5601.14
522 643.30
523 3108.16
524 5191.73
525 10162.63
526 4010.21
527 431.68
528 1831.74
529 3380.61
530 426.93
531 2507.81
532 12057.14
533 4148.94
534 3868.45
535 8389.99
536 12834.86
537 5115.80
538 1405.60
539 1370.82
540 5149.01
541 6296.54
542 757.86
543 4926.51
544 4033.88
545 2862.38
546 506.09
547 475.13
548 2692.80
549 729.62
550 3907.06
551 9138.91
552 7529.00
553 3591.39
554 2094.61
555 8464.90
556 5050.30
557 8090.43
558 1895.94
559 1320.07
560 1635.44
561 3796.69
562 4812.29
563 5483.01
564 1641.25
565 799.04
566 3713.99
567 3723.41
568 572.70
569 6991.29
570 3822.34
571 5950.44
572 9489.06
573 7266.43
574 473.93
575 1370.03
576 2174.51
577 9341.42
578 811.26
579 3276.84
580 4497.40
581 6961.86
582 2325.43
583 12095.06
584 10441.66
585 13570.71
586 4482.09
587 2441.89
588 6193.21
589 12660.82
590 12529.21
591 9655.15
592 6731.99
593 11694.08
594 2789.50
595 4319.15
596 10420.54
597 1528.90
598 3374.03
599 2035.79
600 5274.81
601 717.82
602 6393.23
603 6212.89
604 3828.40
605 3363.72
606 1492.60
607 3216.00
608 6217.12
609 1820.08
610 1372.27
611 1271.50
612 6958.22
613 3617.53
614 3973.19
615 1222.69
616 1181.08
617 1593.12
618 4215.88
619 1259.30
620 1825.94
621 13006.26
622 1779.97
623 490.77
624 7947.43
625 5734.00
626 5313.08
627 2729.33
628 1871.42
629 11938.31
630 4244.12
631 1421.11
632 3145.36
633 1139.58
634 620.75
635 9650.50
636 1037.09
637 17414.95
638 4507.11
639 1257.44
640 4583.96
641 788.64
642 7259.83
643 1828.72
644 1994.51
645 1713.64
646 3741.58
647 5842.71
648 2108.26
649 3268.25
650 687.43
651 605.45
652 3552.08
653 6532.89
654 3668.17
655 4216.99
656 1914.88
657 2999.00
658 8165.42
659 7359.49
660 1928.51
661 4917.40
662 2034.89
663 9204.19
664 4455.14
665 3545.11
666 1985.88
667 12794.50
668 4259.47
669 667.02
670 2030.65
671 10392.16
672 2214.90
673 1667.58
674 4170.75
675 456.83
676 556.37
677 3087.85
678 20916.14
679 5953.28
680 4200.59
681 527.08
682 1735.67
683 6762.73
684 11166.44
685 14322.26
686 4450.51
687 3445.53
688 450.82
689 2513.98
690 444.61
691 1713.21
692 2055.44
693 519.59
694 2390.11
695 14908.33
696 6245.70
697 3013.58
698 9028.94
699 813.91
700 2345.68
701 1676.04
702 1941.47
703 2870.00
704 2250.23
705 6505.20
706 3361.39
707 465.23
708 3936.29
709 1779.86
710 8253.05
711 688.24
712 500.80
713 5709.71
714 3792.94
715 3714.63
716 6470.69
717 3299.10
718 4942.92
719 2071.19
720 2973.85
721 2173.35
722 2671.08
723 1721.53
724 3541.07
725 4803.49
726 12927.90
727 4399.93
728 1834.24
729 4150.66
730 1038.81
731 1537.70
732 4646.30
733 4387.52
734 10796.94
735 700.40
736 1116.22
737 3431.80
738 1811.14
739 3934.26
740 6621.84
741 4540.99
742 1693.89
743 6616.15
744 2715.75
745 2961.26
746 6406.18
747 3642.79
748 580.06
749 4100.59
750 7576.55
751 9976.64
752 1133.91
753 2811.58
754 603.92
755 3508.52
756 3785.53
757 1269.32
758 3279.80
759 2102.13
760 8481.75
761 2816.72
762 5934.06
763 578.10
764 2908.39
765 1369.02
766 2183.17
767 3853.07
768 3351.20
769 6149.48
770 542.25
771 2241.11
772 1517.23
773 6509.12
774 7158.90
775 3370.81
776 1294.46
777 1942.79
778 9279.10
779 10620.56
780 4513.27
781 3128.13
782 419.43
783 3833.48
784 1940.41
785 333.39
786 1463.72
787 3783.18
788 4628.47
789 2391.34
790 5608.89
791 651.38
792 3435.20
793 3908.64
794 3400.47
795 2901.12
796 1631.23
797 4475.79
798 4304.58
799 1792.69
800 1477.13
801 3849.81
802 2689.15
803 847.71
804 6076.51
805 8187.79
806 601.68
807 3901.39
808 2858.54
809 1892.19
810 634.41
811 8237.22
812 2218.29
813 3622.76
814 995.82
815 13307.03
816 2529.24
817 411.88
818 696.10
819 10177.24
820 9853.48
821 13434.37
822 2632.98
823 5414.74
824 12807.12
825 710.75
826 2405.04
827 3639.90
828 4646.85
829 3260.82
830 364.88
831 3048.20
832 7939.67
833 2371.20
834 7799.44
835 3638.55
836 2561.61
837 5642.07
838 2056.27
839 5363.76
840 4459.29
841 3705.44
842 6537.45
843 3332.31
844 3445.06
845 12625.49
846 4356.66
847 3878.91
848 8610.09
849 1093.16
850 2506.47
851 3165.19
852 899.22
853 5954.11
854 3319.61
855 351.44
856 1231.82
857 2584.39
858 12498.30
859 16359.86
860 7497.20
861 1848.18
862 1526.06
863 572.65
864 5014.35
865 8071.46
866 717.82
867 1883.79
868 2435.38
869 11909.03
870 12759.74
871 7668.18
872 782.24
873 3284.89
874 1899.81
875 3930.15
876 3105.91
877 2735.83
878 5162.90
879 6003.55
880 3741.07
881 3945.06
882 4234.17
883 1428.50
884 1238.14
885 2560.72
886 3150.22
887 3634.85
888 2297.47
889 443.04
890 1522.13
891 1761.19
892 2307.67
893 10486.51
894 3896.76
895 2891.90
896 6593.39
897 1904.99
898 468.25
899 2921.27
900 2988.80
901 16515.38
902 4530.10
903 3498.99
904 7889.25
905 4245.48
906 3218.20
907 1759.85
908 1318.64
909 1206.86
910 962.78
911 6298.05
912 4428.76
913 7382.43
914 5855.15
915 2339.34
916 438.42
917 1491.29
918 1921.14
919 4049.81
920 3134.63
921 1745.99
922 474.25
923 2903.01
924 1204.30
925 2454.17
926 9988.26
927 7879.57
928 2163.66
929 8193.80
930 6640.09
931 2957.31
932 449.35
933 2148.12
934 8603.63
935 1358.31
936 366.61
937 1591.95
938 1676.54
939 1525.42
940 1939.17
941 2351.66
942 4907.56
943 18663.77
944 11850.86
945 7287.17
946 6435.09
947 4130.31
948 12735.73
949 11330.65
950 2109.63
951 3519.78
952 21319.13
953 9335.46
954 9928.84
955 6455.10
956 1805.39
957 1571.81
958 1880.93
959 5259.30
960 4901.70
961 4470.78
962 630.20
963 1408.96
964 504.20
965 3185.98
966 1360.00
967 2220.96
968 1688.68
969 7076.63
970 1995.45
971 1708.66
972 4132.65
973 1981.01
974 1442.23
975 6061.03
976 1747.04
977 7651.49
978 10983.95
979 12664.44
980 2626.66
981 1832.18
982 1604.11
983 3951.27
984 4877.69
985 7016.54
986 6481.64
987 1334.16
988 112.44
989 2217.21
990 11234.61
991 1026.40
992 2172.91
993 755.92
994 8501.92
995 2056.90
996 7447.51
997 7310.10
998 611.79
999 3788.12
1000 10475.35
1001 4179.63
1002 15163.60
1003 9606.87
1004 9182.18
1005 915.06
1006 14428.85
1007 4888.71
1008 11380.01
1009 15112.75
1010 14065.19
1011 2595.76
1012 9424.44
1013 1651.24
1014 3115.42
1015 2000.01
1016 1428.49
1017 1516.14
1018 6215.18
1019 1135.29
1020 11977.66
1021 2642.79
1022 4311.61
1023 573.37
1024 1509.54
1025 779.86
1026 4275.47
1027 4524.31
1028 1181.88
1029 1854.27
1030 3111.36
1031 5747.84
1032 2760.95
1033 7312.78
1034 941.22
1035 1450.04
1036 2488.12
1037 954.05
1038 6623.91
1039 2372.58
1040 4594.38
1041 483.43
1042 1114.45
1043 1925.04
1044 8480.23
1045 484.64
1046 1955.13
1047 8132.18
1048 3965.73
1049 1367.12
1050 4419.48
1051 4968.86
1052 9036.01
1053 4671.62
1054 1603.70
1055 3995.47
1056 1996.19
1057 7893.72
1058 3869.48
1059 1835.20
1060 3036.94
1061 1792.77
1062 9022.92
1063 7010.05
1064 5429.35
1065 10475.75
1066 16097.79
1067 1782.73
1068 1254.60
1069 10649.35
1070 5195.41
1071 1808.82
1072 1679.74
1073 8970.55
1074 2646.55
1075 4988.64
1076 4450.46
1077 1448.97
1078 762.55
1079 10306.87
1080 1660.50
1081 356.94
1082 614.88
1083 2914.96
1084 5734.42
1085 7556.49
1086 8188.39
1087 792.77
1088 3843.89
1089 6522.41
1090 9053.83
1091 4870.25
1092 875.00
1093 275.95
1094 1318.71
1095 7176.72
1096 7357.22
1097 9429.45
1098 15998.59
1099 12341.06
1100 4932.56
1101 4014.35
1102 5705.62
1103 7570.93
1104 1214.08
1105 325.39
1106 1533.61
1107 2190.31
1108 8079.65
1109 4690.46
1110 1988.69
1111 2574.94
1112 539.55
1113 2529.10
1114 1897.98
1115 5773.01
1116 5930.51
1117 1490.61
1118 6086.19
1119 944.32
1120 6791.43
1121 3542.74
1122 1513.17
1123 2856.81
1124 469.28
1125 3067.40
1126 730.60
1127 7187.32
1128 2143.28
1129 3277.61
1130 691.12
1131 4692.23
1132 2480.90
1133 3846.45
1134 2507.99
1135 6731.76
1136 3602.40
1137 338.89
1138 1757.11
1139 5822.65
1140 4323.16
1141 4387.10
1142 4041.94
1143 8480.93
1144 1725.74
1145 2156.77
1146 4387.53
1147 9752.20
1148 1754.88
1149 3459.77
1150 1480.64
1151 1848.20
1152 4277.37
1153 4368.76
1154 1770.28
1155 9963.33
1156 4638.45
1157 1879.60
1158 1691.20
1159 8969.57
1160 4455.03
1161 1659.05
1162 2426.03
1163 12031.17
1164 7646.33
1165 7092.61
1166 1092.63
1167 1825.74
1168 383.57
1169 842.04
1170 3648.15
1171 4310.13
1172 5105.22
1173 5279.99
1174 2220.50
1175 7644.80
1176 14877.93
1177 2276.82
1178 1954.99
1179 2252.99
1180 10656.98
1181 6901.92
1182 8989.28
1183 2455.81
1184 395.02
1185 1486.13
1186 2010.69
1187 3485.86
1188 1609.44
1189 2196.23
1190 3264.43
1191 6596.53
1192 8562.31
1193 8422.53
1194 1129.87
1195 5363.45
1196 2389.20
1197 3562.36
1198 5617.90
1199 5354.88
1200 1808.58
1201 3686.69
1202 11246.85
1203 6469.08
1204 2554.42
1205 1281.91
1206 342.24
1207 2129.96
1208 2265.05
1209 1307.70
1210 568.68
1211 4470.01
1212 5415.90
1213 9554.45
1214 2815.70
1215 593.19
1216 393.70
1217 2344.60
1218 4240.34
1219 1655.62
1220 2096.28
1221 5694.79
1222 6155.49
1223 3676.51
1224 513.11
1225 1283.45
1226 1788.96
1227 4368.80
1228 9925.29
1229 6074.85
1230 2149.36
1231 398.03
1232 1588.90
1233 5659.17
1234 833.89
1235 6453.06
1236 849.70
1237 3114.15
1238 1470.11
1239 2162.89
1240 7157.19
1241 9232.80
1242 12627.96
1243 11384.03
1244 7004.75
1245 4972.78
1246 617.33
1247 5052.59
1248 3916.95
1249 4377.06
1250 4086.50
1251 22864.73
1252 3042.97
1253 416.64
1254 2038.58
1255 3240.65
1256 507.73
1257 2842.04
1258 420.69
1259 1604.95
1260 3746.29
1261 5071.45
1262 1588.68
1263 2082.62
1264 2551.73
1265 3903.37
1266 4258.52
1267 3791.45
1268 11301.64
1269 1823.77
1270 4119.53
1271 9820.48
1272 6224.93
1273 1769.26
1274 3336.74
1275 6545.32
1276 6890.03
1277 13413.74
1278 3339.35
1279 2076.71
1280 3723.41
1281 3671.47
1282 3719.96
1283 5747.56
1284 6344.78
1285 6496.53
1286 581.03
1287 4104.06
1288 11161.59
1289 15201.83
1290 11983.70
1291 3601.77
1292 853.52
1293 10823.21
1294 9174.34
1295 12693.81
1296 1664.03
1297 15218.36
1298 2025.39
1299 5257.52
1300 2673.28
1301 1408.04
1302 10500.51
1303 12384.64
1304 4653.52
1305 9646.63
1306 2342.58
1307 5321.27
1308 3122.37
1309 1782.14
1310 1274.57
1311 2077.66
1312 15397.80
1313 11593.47
1314 1835.04
1315 2068.02
1316 389.46
1317 602.29
1318 2171.05
1319 11608.84
1320 3590.45
1321 13049.15
1322 9330.67
1323 8718.08
1324 4087.88
1325 1347.36
1326 1012.84
1327 1107.15
1328 12448.43
1329 8451.81
1330 4150.40
1331 722.06
1332 4983.50
1333 2890.86
1334 3565.24
1335 13803.43
1336 21586.45
1337 4624.10
1338 1778.17
1339 2190.70
1340 7766.71
1341 929.54
1342 8254.22
1343 4892.78
1344 4072.18
1345 2284.04
1346 2914.09
1347 1729.77
1348 2748.31
1349 8941.37
1350 13680.97
1351 10234.41
1352 2076.89
1353 352.58
1354 1473.39
1355 3451.26
1356 7057.04
1357 728.25
1358 4797.59
1359 4210.57
1360 9654.96
1361 4295.77
1362 915.51
1363 14455.43
1364 9005.02
1365 759.16
1366 4007.02
1367 5725.62
1368 8400.18
1369 15505.50
1370 10562.36
1371 7361.58
1372 6645.72
1373 1752.30
1374 1443.20
1375 4278.57
1376 6914.57
1377 12300.97
1378 9480.01
1379 2948.70
1380 3508.02
1381 14413.66
1382 2238.51
1383 7000.06
1384 4687.39
1385 4709.87
1386 6474.95
1387 3039.21
1388 9625.84
1389 4803.02
1390 4381.02
1391 4226.31
1392 12211.46
1393 3931.13
1394 2401.90
1395 9048.79
1396 3686.98
1397 2033.99
1398 7291.82
1399 2079.82
1400 4277.97
1401 6445.65
1402 1880.87
1403 4049.99
1404 9714.19
1405 4089.29
1406 554.05
1407 4824.63
1408 1937.33
1409 8930.18
1410 801.50
1411 6390.52
1412 3923.10
1413 4070.63
1414 576.66
1415 3000.78
1416 2783.67
1417 2999.45
1418 510.68
1419 4607.85
1420 11141.43
1421 13572.86
1422 12716.32
1423 8921.14
1424 3723.52
1425 1532.62
1426 1887.68
1427 3342.07
1428 5762.65
1429 8873.51
1430 2806.75
1431 8007.77
1432 1848.55
1433 2928.93
1434 3172.73
1435 2601.50
1436 9838.10
1437 1080.04
1438 5388.56
1439 659.44
1440 4953.96
1441 9383.23
1442 7306.00
1443 1813.12
1444 3215.63
1445 2944.72
1446 1537.12
1447 4574.81
1448 1700.81
1449 618.86
1450 6168.36
1451 459.10
1452 688.07
1453 3072.24
1454 15131.06
1455 5914.89
1456 11403.46
1457 9335.95
1458 3105.51
1459 3067.89
1460 3330.10
1461 4888.60
1462 5187.37
1463 1893.69
1464 2201.37
1465 8064.32
1466 6685.94
1467 14618.20
1468 15047.50
1469 6164.99
1470 16712.35
1471 9055.16
1472 2221.95
1473 5842.20
1474 4752.50
1475 3172.87
1476 2438.87
1477 347.95
1478 945.66
1479 6545.68
1480 848.01
1481 3852.93
1482 2726.46
1483 10778.75
1484 738.89
1485 1770.60
1486 3188.49
1487 8061.36
1488 14818.64
1489 901.79
1490 1059.08
1491 4516.58
1492 2164.27
1493 1346.03
1494 667.14
1495 4387.45
1496 3043.27
1497 3722.79
1498 564.40
1499 523.06
1500 3937.89
1501 5750.99
1502 5657.31
1503 617.98
1504 4375.70
1505 2745.01
1506 7157.40
1507 622.67
1508 1339.30
1509 1938.52
1510 1655.34
1511 631.76
1512 5291.15
1513 7603.64
1514 9031.73
1515 4891.90
1516 7133.13
1517 6056.89
1518 1623.13
1519 1630.95
1520 3682.86
1521 5173.12
1522 6085.84
1523 7302.96
1524 4650.28
1525 2418.27
1526 5707.00
1527 9463.34
1528 3016.29
1529 5346.15
1530 5439.18
1531 1565.28
1532 7111.24
1533 825.59
1534 5767.08
1535 1193.53
1536 408.61
1537 5388.73
1538 575.50
1539 2683.01
1540 10413.06
1541 4009.86
1542 2583.23
1543 2133.43
1544 7184.63
1545 6747.65
1546 1108.37
1547 12669.08
1548 6499.18
1549 3499.82
1550 4331.59
1551 7712.00
1552 2065.69
1553 270.17
1554 1520.70
1555 3612.95
1556 3750.58
1557 1956.99
1558 3952.39
1559 3952.20
1560 8282.35
1561 3124.44
1562 594.36
1563 3065.48
1564 10130.60
1565 3231.00
1566 3267.03
1567 3592.25
1568 1792.61
1569 5366.42
1570 1384.86
1571 3492.25
1572 5471.10
1573 4899.58
1574 6902.39
1575 8493.78
1576 700.76
1577 692.62
1578 8248.05
1579 4643.93
1580 2612.57
1581 7367.06
1582 7634.47
1583 8290.42
1584 755.12
1585 2097.48
1586 1345.54
1587 403.50
1588 3358.19
1589 2190.31
1590 6434.76
1591 2271.27
1592 1333.17
1593 1913.24
1594 2710.19
1595 3923.13
1596 394.21
1597 1709.92
1598 2603.40
1599 2143.92
1600 5693.11
1601 7483.79
1602 2534.49
1603 2230.01
1604 7691.08
1605 2292.40
1606 9047.95
1607 2085.67
1608 1439.74
1609 1546.65
1610 2397.34
1611 2859.00
1612 4330.85
1613 10082.79
1614 2112.61
1615 3906.07
1616 6216.68
1617 5733.25
1618 5187.62
1619 1098.13
1620 382.80
1621 1962.68
1622 619.34
1623 2112.85
1624 3156.78
1625 11217.45
1626 959.59
1627 3651.37
1628 4780.03
1629 4101.51
1630 9501.95
1631 5652.88
1632 7626.81
1633 9723.41
1634 2592.15
1635 4228.87
1636 17864.10
1637 6316.28
1638 1739.39
1639 5959.42
1640 2824.82
1641 4269.90
1642 1709.40
1643 5199.53
1644 563.50
1645 3076.98
1646 2750.85
1647 517.56
1648 5956.25
1649 2291.46
1650 5583.43
1651 2269.19
1652 1590.35
1653 1087.33
1654 1372.16
1655 2452.99
1656 10872.12
1657 3851.96
1658 4900.55
1659 4269.34
1660 4614.14
1661 4604.88
1662 4507.84
1663 1321.73
1664 1711.75
1665 906.09
1666 1374.72
1667 4869.33
1668 8494.44
1669 1642.84
1670 3447.52
1671 3518.78
1672 549.85
1673 7386.28
1674 18414.90
1675 5329.56
1676 4657.63
1677 4775.66
1678 1191.16
1679 204.62
1680 915.25
1681 3454.18
1682 5711.36
1683 2067.30
1684 400.44
1685 1526.97
1686 1702.94
1687 4361.81
1688 622.09
1689 6070.32
1690 11100.73
1691 2800.36
1692 15045.77
1693 14429.16
1694 5559.37
1695 2929.85
1696 632.44
1697 486.80
1698 3607.59
1699 5853.80
1700 707.22
1701 2331.07
1702 1814.93
1703 1457.95
1704 812.99
1705 7789.29
1706 3027.00
1707 1617.72
1708 328.70
1709 2030.24
1710 5446.19
1711 6247.58
1712 3691.28
1713 3455.63
1714 507.56
1715 3374.38
1716 3951.55
1717 3544.24
1718 1195.64
1719 2310.53
1720 11629.26
1721 11103.15
1722 5581.96
1723 6058.82
1724 549.43
1725 1357.55
1726 4251.36
1727 8766.22
1728 9033.00
1729 4447.71
1730 3954.36
1731 4691.24
1732 7940.84
1733 1542.74
1734 372.30
1735 1172.67
1736 1367.41
1737 5237.36
1738 9186.48
1739 6918.30
1740 5833.62
1741 1635.08
1742 1561.79
1743 481.18
1744 3885.41
1745 13103.56
1746 11851.70
1747 7679.24
1748 3612.34
1749 4475.10
1750 6590.69
1751 1964.00
1752 1803.62
1753 400.21
1754 2510.04
1755 1435.57
1756 2335.50
1757 5278.34
1758 4479.14
1759 9939.79
1760 3244.54
1761 6967.77
1762 2575.39
1763 7064.80
1764 1207.04
1765 172.11
1766 3764.34
1767 6261.17
1768 11048.24
1769 12082.83
1770 5422.98
1771 7743.97
1772 2062.55
1773 2467.86
1774 3495.47
1775 2161.07
1776 1409.95
1777 644.87
1778 4196.36
1779 1520.30
1780 1077.66
1781 13153.64
1782 2362.13
1783 4875.91
1784 3686.08
1785 1302.30
1786 3350.15
1787 5874.36
1788 4734.53
1789 2575.20
1790 9724.85
1791 5171.66
1792 13625.96
1793 6412.73
1794 2940.37
1795 2528.88
1796 2124.07
1797 555.78
1798 4317.87
1799 1706.54
1800 3190.05
1801 2295.57
1802 692.32
1803 10772.19
1804 12601.86
1805 6251.92
1806 3429.34
1807 5875.38
1808 3540.45
1809 1848.62
1810 6841.67
1811 3724.18
1812 510.73
1813 4635.99
1814 23983.53
1815 9488.19
1816 8628.66
1817 5959.38
1818 5378.55
1819 2276.28
1820 5343.48
1821 2148.00
1822 1594.96
1823 469.61
1824 2465.03
1825 10057.66
1826 711.41
1827 1546.94
1828 2846.68
1829 3745.54
1830 2104.68
1831 13586.57
1832 7530.13
1833 908.47
1834 3714.39
1835 5203.67
1836 7248.95
1837 3436.31
1838 4050.91
1839 5217.66
1840 7107.83
1841 4971.99
1842 2587.14
1843 4232.77
1844 3863.09
1845 4053.89
1846 3369.58
1847 2384.09
1848 1985.01
1849 322.56
1850 2085.02
1851 9278.81
1852 1862.24
1853 885.62
1854 1282.53
1855 3067.84
1856 497.18
1857 3459.07
1858 1517.25
1859 1910.24
1860 1295.05
1861 659.90
1862 7540.73
1863 1230.88
1864 16076.91
1865 7423.51
1866 7130.07
1867 664.67
1868 329.53
1869 3110.37
1870 6299.89
1871 17045.65
1872 6306.59
1873 3393.13
1874 3680.37
1875 3401.09
1876 1904.93
1877 2369.05
1878 5538.41
1879 10609.38
1880 17677.88
1881 9373.17
1882 11372.40
1883 2473.60
1884 1746.73
1885 2695.62
1886 320.57
1887 1789.92
1888 8252.75
1889 8095.25
1890 10282.91
1891 6674.92
1892 4611.58
1893 3215.93
1894 1567.94
1895 3272.23
1896 1635.99
1897 551.85
1898 7730.92
1899 787.62
1900 4546.29
1901 1045.73
1902 703.92
1903 1360.23
1904 5659.79
1905 1754.02
1906 698.58
1907 2529.46
1908 2788.82
1909 3400.62
1910 2638.89
1911 1901.90
1912 4282.09
1913 14331.60
1914 6412.76
1915 1955.17
1916 3138.11
1917 1424.92
1918 1439.52
1919 2184.65
1920 5093.04
1921 3318.36
1922 2478.71
1923 2216.91
1924 368.88
1925 3958.79
1926 4745.95
1927 3763.27
1928 3731.63
1929 590.29
1930 503.99
1931 2933.73
1932 302.02
1933 291.50
1934 3716.18
1935 2473.22
1936 4862.48
1937 6389.27
1938 373.01
1939 2820.25
1940 1423.48
1941 1274.38
1942 1496.60
1943 1386.62
1944 452.67
1945 7413.77
1946 1916.68
1947 2581.29
1948 1676.01
1949 3080.34
1950 995.48
1951 2537.53
1952 683.59
1953 656.47
1954 1713.90
1955 3019.40
1956 1136.40
1957 1642.27
1958 3316.89
1959 2149.49
1960 1339.32
1961 1358.29
1962 5450.43
1963 1408.43
1964 7780.73
1965 3068.67
1966 6756.33
1967 10828.24
1968 2744.44
1969 870.77
1970 882.15
1971 2434.97
1972 7062.69
1973 1946.58
1974 531.39
1975 1253.39
1976 1875.74
1977 2282.57
1978 3719.21
1979 1005.30
1980 4178.23
1981 5206.03
1982 3846.05
1983 4248.77
1984 3081.95
1985 8562.24
1986 1925.61
1987 2929.92
1988 718.41
1989 151.23
1990 2100.30
1991 3213.37
1992 314.70
1993 5244.43
1994 7430.93
1995 4529.01
1996 317.81
1997 1461.51
1998 4114.66
1999 1005.01
2000 3379.95
2001 4996.93
2002 2005.18
2003 1710.33
2004 2518.12
2005 292.05
2006 1208.33
2007 911.31
2008 4791.61
2009 309.28
2010 609.69
2011 2834.29
2012 5985.28
2013 281.37
2014 3435.94
2015 5440.57
2016 4428.12
2017 2842.43
2018 805.76
2019 3260.79
2020 2814.83
2021 8201.37
2022 941.77
2023 214.62
2024 1436.28
2025 159.89
2026 845.10
2027 7422.21
2028 2559.44
2029 479.62
2030 6741.89
2031 3249.43
2032 3311.80
2033 2890.12
2034 266.67
2035 1683.88
2036 624.65
2037 1014.15
2038 5578.16
2039 8916.69
2040 1573.99
2041 763.86
2042 1696.44
2043 1953.79
2044 1023.83
2045 5271.00
2046 1042.05
2047 2776.26
2048 902.03
2049 3718.99
2050 5657.86
2051 1220.75
2052 2824.15
2053 5057.26
2054 1194.30
2055 2182.79
2056 2930.33
2057 3899.91
2058 3670.11
2059 3085.29
2060 1377.61
2061 1592.28
2062 434.55
2063 2205.41
2064 1096.24
2065 6486.38
2066 3180.92
2067 10698.40
2068 3238.99
2069 3131.31
2070 1404.17
2071 2217.41
2072 5376.35
2073 1819.46
2074 1606.30
2075 2928.40
2076 701.81
2077 2945.93
2078 1759.44
2079 4362.18
2080 5122.65
2081 1848.70
2082 2123.00
2083 3916.91
2084 2382.69
2085 1825.32
2086 890.27
2087 3623.06
2088 3569.78
2089 2982.30
2090 4750.05
2091 312.20
2092 1356.46
2093 2115.29
2094 3617.49
2095 3398.37
2096 7108.60
2097 1096.30
2098 549.22
2099 2810.38
2100 4431.09
2101 12806.10
2102 11851.44
2103 3311.34
2104 1677.38
2105 801.38
2106 2987.55
2107 1065.16
2108 8630.91
2109 2465.69
2110 2279.51
2111 1789.25
2112 854.94
2113 2064.60
2114 949.43
2115 5948.52
2116 1104.96
2117 827.33
2118 1186.80
2119 1037.51
2120 1270.32
2121 8279.59
2122 2929.25
2123 359.37
2124 3301.52
2125 3223.55
2126 872.49
2127 3469.82
2128 4451.07
2129 5588.90
2130 4941.21
2131 1784.79
2132 1488.68
2133 2743.67
2134 6097.62
2135 2584.21
2136 3923.94
2137 1388.51
2138 598.53
2139 495.45
2140 943.35
2141 7381.80
2142 2133.27
2143 2372.32
2144 1471.58
2145 2721.93
2146 2735.34
2147 1810.62
2148 969.75
2149 1792.11
2150 1903.94
2151 256.84
2152 410.79
2153 2401.83
2154 872.36
2155 1720.54
2156 6678.69
2157 1844.37
2158 1844.78
2159 5963.82
2160 1874.46
2161 2349.00
2162 819.09
2163 1697.26
2164 5042.33
2165 4597.24
2166 3053.57
2167 2051.08
2168 279.71
2169 1216.91
2170 171.89
2171 1143.29
2172 1793.18
2173 5983.28
2174 2499.48
2175 2731.71
2176 3769.99
2177 4186.58
2178 1160.08
2179 10966.70
2180 3337.61
2181 1356.22
2182 613.65
2183 3026.19
2184 2434.30
2185 1577.45
2186 177.30
2187 2314.97
2188 7260.81
2189 6351.86
2190 3149.15
2191 3696.31
2192 1016.71
2193 2194.43
2194 4213.39
2195 2602.19
2196 1039.13
2197 173.68
2198 1098.82
2199 2028.58
2200 5311.79
2201 3345.38
2202 3100.80
2203 4485.08
2204 1132.90
2205 1709.00
2206 1218.77
2207 1857.73
2208 2581.80
2209 368.07
2210 2220.02
2211 1457.29
2212 2029.22
2213 755.85
2214 4422.03
2215 3456.37
2216 739.91
2217 2119.25
2218 3401.26
2219 8568.85
2220 969.71
2221 604.74
2222 942.34
2223 3829.73
2224 1842.54
2225 3537.79
2226 9489.44
2227 1831.01
2228 1872.74
2229 168.75
2230 933.05
2231 5790.08
2232 7349.57
2233 1067.21
2234 1601.35
2235 6399.39
2236 5206.77
2237 9550.18
2238 2324.98
2239 9319.48
2240 6387.54
2241 4349.10
2242 5595.22
2243 2811.27
2244 1852.46
2245 1388.94
2246 1079.64
2247 5685.61
2248 1865.06
2249 5367.99
2250 5825.88
2251 9885.66
2252 4565.71
2253 3188.90
2254 5577.63
2255 648.14
2256 746.78
2257 3140.80
2258 1895.84
2259 696.66
2260 9277.45
2261 7073.64
2262 3701.98
2263 3807.43
2264 2550.67
2265 5105.12
2266 609.31
2267 201.29
2268 1939.18
2269 1742.65
2270 953.90
2271 2791.06
2272 319.37
2273 1895.20
2274 169.39
2275 1492.77
2276 2605.44
2277 687.73
2278 2356.25
2279 889.90
2280 2835.68
2281 271.40
2282 4270.84
2283 2740.86
2284 1829.28
2285 4307.73
2286 1762.13
2287 1500.67
2288 3069.64
2289 1888.01
2290 2704.15
2291 3322.04
2292 4667.72
2293 2636.82
2294 181.41
2295 920.54
2296 695.90
2297 4537.76
2298 3216.55
2299 5690.67
2300 2355.45
2301 2725.67
2302 2796.16
2303 4832.00
2304 2054.64
2305 307.24
2306 2380.47
2307 353.28
2308 3441.70
2309 445.96
2310 5329.95
2311 4005.99
2312 2377.45
2313 4720.48
2314 5315.59
2315 3378.57
2316 2578.49
2317 722.93
2318 4356.00
2319 1460.44
2320 3588.51
2321 4587.39
2322 2341.34
2323 2559.35
2324 1012.78
2325 7176.79
2326 1158.18
2327 4280.53
2328 1742.07
2329 3386.83
2330 970.53
2331 1860.42
2332 754.52
2333 705.44
2334 3908.91
2335 6464.95
2336 1211.39
2337 5566.61
2338 733.60
2339 942.44
2340 4504.34
2341 1098.50
2342 2832.72
2343 268.17
2344 921.58
2345 3174.29
2346 947.47
2347 671.06
2348 2528.02
2349 2582.60
2350 2675.59
2351 1546.98
2352 2750.19
2353 622.35
2354 1029.98
2355 6504.39
2356 903.05
2357 4331.12
2358 2477.57
2359 4137.13
2360 2378.33
2361 1660.28
2362 3455.01
2363 7189.35
2364 3640.94
2365 297.59
2366 3139.41
2367 3794.67
2368 5436.65
2369 293.49
2370 3798.13
2371 3819.50
2372 3894.33
2373 4775.23
2374 2867.37
2375 14582.33
2376 2036.23
2377 1223.49
2378 1657.01
2379 2071.21
2380 1491.53
2381 826.53
2382 3938.02
2383 5074.74
2384 1447.29
2385 653.08
2386 1035.38
2387 5727.55
2388 1764.32
2389 4648.63
2390 1584.58
2391 2028.58
2392 2191.13
2393 2748.63
2394 253.44
2395 1725.30
2396 6439.17
2397 968.70
2398 1268.89
2399 1132.57
2400 8173.81
2401 2053.31
2402 3906.23
2403 1556.23
2404 3948.34
2405 7231.34
2406 1392.94
2407 2500.03
2408 7179.95
2409 1873.04
2410 1848.68
2411 4256.87
2412 1829.10
2413 765.09
2414 840.01
2415 3778.64
2416 751.68
2417 1345.68
2418 2733.01
2419 729.66
2420 4502.26
2421 4281.62
2422 1661.53
2423 1585.38
2424 3117.51
2425 3518.79
2426 12443.88
2427 7642.02
2428 4703.60
2429 1594.95
2430 739.86
2431 4352.35
2432 1318.47
2433 2336.92
2434 833.92
2435 1257.81
2436 4193.58
2437 2812.81
2438 826.15
2439 4563.91
2440 4479.78
2441 286.33
2442 796.04
2443 934.96
2444 1207.10
2445 682.90
2446 1793.68
2447 691.48
2448 1056.09
2449 8534.19
2450 1903.09
2451 2288.70
2452 777.73
2453 4011.08
2454 4322.54
2455 3876.94
2456 2618.22
2457 2700.09
2458 1952.01
2459 1686.37
2460 3210.08
2461 4676.49
2462 3983.31
2463 3894.74
2464 666.48
2465 931.83
2466 6367.99
2467 2230.65
2468 1648.11
2469 2992.21
2470 3173.06
2471 3996.11
2472 3253.21
2473 746.17
2474 397.13
2475 4888.98
2476 3026.65
2477 1533.05
2478 1234.56
2479 2108.70
2480 2037.82
2481 3775.69
2482 2173.11
2483 8036.12
2484 3244.84
2485 1623.20
2486 314.74
2487 4684.61
2488 2674.87
2489 1461.30
2490 935.19
2491 3856.62
2492 2872.08
2493 4697.62
2494 2874.80
2495 3055.27
2496 2822.12
2497 897.01
2498 7225.54
2499 3388.74
2500 845.21
2501 5947.42
2502 5667.37
2503 2206.19
2504 1525.76
2505 2619.10
2506 6561.75
2507 2305.01
2508 5794.60
2509 6830.48
2510 1594.02
2511 1362.70
2512 3776.78
2513 3442.00
2514 3996.03
2515 1026.89
2516 913.01
2517 1462.68
2518 2188.59
2519 4644.46
2520 1990.12
2521 2682.27
2522 2598.51
2523 3114.56
2524 1403.14
2525 753.95
2526 615.77
2527 754.29
2528 2428.38
2529 3121.95
2530 1933.14
2531 2370.23
2532 2509.34
2533 1874.83
2534 3751.37
2535 1615.36
2536 904.28
2537 1683.72
2538 2439.55
2539 216.13
2540 1156.78
2541 2306.93
2542 2441.19
2543 345.96
2544 7627.20
2545 9122.87
2546 3335.27
2547 1383.40
2548 1405.56
2549 211.89
2550 2866.69
2551 1872.07
2552 3571.70
2553 1941.33
2554 1646.63
2555 4566.72
2556 7573.27
2557 703.25
2558 1080.48
2559 9985.05
2560 1157.61
2561 1434.07
2562 2210.81
2563 369.83
2564 7699.23
2565 3235.95
2566 904.29
2567 2405.04
2568 909.43
2569 4579.69
2570 2016.09
2571 2227.44
2572 2798.01
2573 4476.96
2574 1420.68
2575 767.60
2576 3898.17
2577 1915.16
2578 5869.50
2579 2665.74
2580 4739.94
2581 8088.73
2582 3744.47
2583 4654.82
2584 7562.51
2585 3984.72
2586 436.84
2587 7693.63
2588 3160.32
2589 1124.94
2590 3826.90
2591 3897.64
2592 1296.75
2593 1957.87
2594 3415.49
2595 9787.01
2596 4540.13
2597 6793.08
2598 2002.69
2599 2746.60
2600 3069.52
2601 936.59
2602 588.02
2603 672.40
2604 2704.51
2605 8262.96
2606 9242.91
2607 6812.45
2608 3089.95
2609 2693.24
2610 1809.31
2611 2641.61
2612 1703.68
2613 7420.43
2614 1749.29
2615 1634.28
2616 638.13
2617 1942.86
2618 2780.06
2619 4856.99
2620 966.47
2621 1752.26
2622 4451.21
2623 1785.63
2624 779.48
2625 1518.01
2626 3862.58
2627 447.83
2628 271.89
2629 2443.40
2630 1061.28
2631 541.26
2632 1224.23
2633 4274.65
2634 6326.74
2635 4074.00
2636 1775.66
2637 321.48
2638 5887.37
2639 3193.89
2640 1366.60
2641 781.43
2642 2171.18
2643 7826.07
2644 2640.33
2645 4499.11
2646 1801.96
2647 1154.98
2648 1142.55
2649 1574.58
2650 558.15
2651 563.92
2652 4461.59
2653 1428.68
2654 728.96
2655 3177.33
2656 3039.69
2657 4409.98
2658 4036.83
2659 2139.72
2660 5537.05
2661 1629.21
2662 1161.94
2663 2523.29
2664 701.53
2665 693.72
2666 1476.45
2667 2454.99
2668 952.36
2669 793.92
2670 4518.03
2671 4221.62
2672 1619.08
2673 2818.32
2674 787.22
2675 2116.82
2676 9437.48
2677 1361.06
2678 698.68
2679 755.10
2680 2350.18
2681 2664.18
2682 1937.43
2683 2121.82
2684 2763.45
2685 1874.30
2686 979.49
2687 2753.69
2688 1445.56
2689 2435.87
2690 5837.24
2691 2036.28
2692 3023.39
2693 1216.12
2694 681.96
2695 5221.94
2696 10563.99
2697 10585.40
2698 17562.23
2699 2793.39
2700 3113.59
2701 2730.22
2702 11741.52
2703 2315.84
2704 1662.97
2705 195.76
2706 1011.81
2707 2750.20
2708 11171.73
2709 7366.89
2710 5238.33
2711 1848.84
2712 773.20
2713 8887.36
2714 2263.32
2715 2667.30
2716 272.61
2717 1462.40
2718 1218.04
2719 3272.67
2720 1496.03
2721 4959.97
2722 1683.98
2723 1666.30
2724 614.93
2725 906.40
2726 4045.92
2727 970.10
2728 4575.94
2729 4246.93
2730 2613.64
2731 635.93
2732 2682.67
2733 11270.90
2734 5980.92
2735 4968.60
2736 6589.31
2737 944.07
2738 2182.70
2739 2000.25
2740 9566.62
2741 10554.09
2742 420.16
2743 1326.49
2744 1583.33
2745 1595.39
2746 3291.72
2747 3902.35
2748 2811.15
2749 5521.61
2750 2420.60
2751 642.51
2752 1192.15
2753 2639.50
2754 950.75
2755 2479.30
2756 592.85
2757 780.51
2758 1685.04
2759 1998.68
2760 5259.50
2761 1155.20
2762 3004.65
2763 847.20
2764 225.97
2765 2641.73
2766 969.96
2767 1821.56
2768 5631.57
2769 4273.87
2770 1023.07
2771 121.91
2772 1198.91
2773 3504.76
2774 2343.78
2775 5240.81
2776 451.80
2777 3672.03
2778 2302.10
2779 282.87
2780 516.36
2781 1327.97
2782 5286.55
2783 284.58
2784 6488.12
2785 4498.56
2786 2037.44
2787 574.58
2788 929.25
2789 361.18
2790 4514.50
2791 285.42
2792 2342.68
2793 1539.53
2794 1185.01
2795 200.27
2796 2037.36
2797 1548.10
2798 1742.09
2799 3074.17
2800 3125.47
2801 1456.84
2802 247.48
2803 1699.09
2804 2634.25
2805 446.55
2806 4879.70
2807 1983.70
2808 3726.91
2809 3100.71
2810 3333.32
2811 1350.26
2812 549.60
2813 293.44
2814 2762.64
2815 3656.14
2816 5857.42
2817 3306.65
2818 2847.51
2819 4029.88
2820 816.48
2821 2410.85
2822 3488.46
2823 2321.60
2824 957.85
2825 6543.37
2826 663.74
2827 142.29
2828 1619.55
2829 1942.40
2830 3831.64
2831 1681.70
2832 3387.63
2833 2130.69
2834 6451.45
2835 2201.06
2836 1492.88
2837 1641.72
2838 3736.65
2839 2406.41
2840 6045.96
2841 3113.77
2842 1145.66
2843 3348.01
2844 897.26
2845 4028.34
2846 797.31
2847 2183.63
2848 2065.32
2849 7179.82
2850 3352.51
2851 5993.37
2852 2226.94
2853 887.58
2854 894.03
2855 6828.49
2856 3001.47
2857 1942.81
2858 2578.10
2859 1025.13
2860 927.34
2861 3821.23
2862 816.34
2863 4199.30
2864 6517.07
2865 1092.74
2866 6567.29
2867 1820.00
2868 2768.67
2869 1494.72
2870 4717.89
2871 6763.86
2872 5393.14
2873 1842.81
2874 564.13
2875 1252.69
2876 2252.90
2877 8733.93
2878 5231.57
2879 4397.83
2880 1068.63
2881 1734.02
2882 708.12
2883 732.98
2884 3175.03
2885 709.20
2886 2497.13
2887 3440.14
2888 2944.07
2889 3519.08
2890 980.07
2891 3598.50
2892 1490.85
2893 3469.26
2894 1842.49
2895 810.32
2896 562.21
2897 3197.17
2898 2569.58
2899 748.82
2900 1365.23
2901 1661.90
2902 2544.30
2903 941.70
2904 2794.64
2905 4072.57
2906 1727.49
2907 3321.54
2908 2785.72
2909 1407.41
2910 603.40
2911 1286.26
2912 6069.80
2913 1147.80
2914 658.89
2915 776.06
2916 2472.35
2917 1088.11
2918 7605.06
2919 1098.62
2920 2300.49
2921 761.92
2922 4265.99
2923 1467.53
2924 784.15
2925 1710.45
2926 2470.14
2927 1852.79
2928 1915.82
2929 4166.46
2930 5254.59
2931 2975.12
2932 1549.62
2933 1275.44
2934 1319.28
2935 1552.78
2936 1197.28
2937 4658.98
2938 3676.82
2939 1000.04
2940 2791.95
2941 3421.84
2942 1834.76
2943 1750.52
2944 4086.97
2945 7020.49
2946 4102.76
2947 815.03
2948 1636.20
2949 1142.19
2950 694.01
2951 1649.37
2952 1710.77
2953 2852.68
2954 4446.08
2955 351.69
2956 2710.94
2957 2889.35
2958 2591.76
2959 3187.75
2960 5770.39
2961 2374.32
2962 2525.38
2963 2813.98
2964 3122.06
2965 877.42
2966 4062.98
2967 881.28
2968 892.18
2969 1901.35
2970 5420.13
2971 1770.65
2972 2172.74
2973 3943.50
2974 3552.84
2975 3360.51
2976 5201.06
2977 8255.98
2978 721.35
2979 577.07
2980 2700.64
2981 4910.64
2982 2413.35
2983 5488.79
2984 2467.51
2985 555.62
2986 1716.63
2987 4621.20
2988 241.24
2989 2394.96
2990 1862.18
2991 3904.21
2992 1172.66
2993 4616.23
2994 6983.73
2995 8356.42
2996 4301.69
2997 8625.22
2998 9844.07
2999 2529.77
3000 1414.51
3001 1751.25
3002 836.67
3003 895.20
3004 684.99
3005 1500.43
3006 306.26
3007 2726.29
3008 2520.74
3009 8358.63
3010 2044.32
3011 194.56
3012 1751.45
3013 2383.29
3014 735.33
3015 1725.98
3016 3524.52
3017 726.32
3018 1691.21
3019 4223.22
3020 1525.80
3021 2568.11
3022 932.57
3023 5069.80
3024 4504.80
3025 1364.64
3026 1485.43
3027 499.44
3028 1500.42
3029 4588.32
3030 1803.86
3031 1438.53
3032 258.34
3033 3014.15
3034 2728.95
3035 1495.22
3036 385.49
3037 7227.52
3038 3582.52
3039 3534.49
3040 3378.91
3041 832.10
3042 768.60
3043 1249.43
3044 997.94
3045 2896.46
3046 2960.84
3047 1812.24
3048 7045.68
3049 5173.74
3050 909.50
3051 7178.74
3052 3470.76
3053 2843.49
3054 6285.95
3055 6097.17
3056 2020.67
3057 296.75
3058 1767.59
3059 239.33
3060 1062.54
3061 1129.12
3062 2718.20
3063 329.99
3064 2831.85
3065 3236.26
3066 1263.04
3067 7153.97
3068 4485.75
3069 1621.65
3070 1540.58
3071 1402.91
3072 2861.88
3073 1838.77
3074 6759.59
3075 7900.70
3076 1005.48
3077 2088.18
3078 2177.19
3079 2758.06
3080 1635.65
3081 1849.62
3082 6290.06
3083 6052.95
3084 994.04
3085 1405.47
3086 543.04
3087 1660.02
3088 2095.37
3089 6477.62
3090 3913.72
3091 1497.73
3092 1393.68
3093 3869.34
3094 1945.71
3095 8168.85
3096 472.88
3097 3547.57
3098 2013.51
3099 1587.89
3100 1593.03
3101 4381.80
3102 1100.35
3103 5538.27
3104 3250.46
3105 2945.03
3106 5089.83
3107 1741.45
3108 6579.78
3109 2876.49
3110 1734.62
3111 216.03
3112 1489.39
3113 5369.81
3114 937.83
3115 256.73
3116 3730.75
3117 9205.48
3118 11098.09
3119 4453.10
3120 2419.12
3121 3094.85
3122 6307.37
3123 5752.69
3124 4016.36
3125 707.19
3126 979.85
3127 2436.25
3128 1331.34
3129 2669.34
3130 323.86
3131 1871.52
3132 2402.10
3133 1828.97
3134 1067.91
3135 5197.25
3136 2451.36
3137 3441.72
3138 2019.39
3139 211.70
3140 1665.01
3141 1812.43
3142 3444.06
3143 1836.84
3144 4336.24
3145 696.26
3146 622.26
3147 3088.48
3148 11918.55
3149 4536.53
3150 3757.33
3151 1588.15
3152 672.28
3153 1203.82
3154 4905.79
3155 749.91
3156 2068.49
3157 3290.89
3158 9455.17
3159 2285.95
3160 1150.49
3161 4088.33
3162 4047.43
3163 2061.29
3164 2643.00
3165 215.21
3166 1914.46
3167 1753.82
3168 799.45
3169 2828.22
3170 442.38
3171 5607.18
3172 7455.53
3173 2000.29
3174 690.38
3175 1435.21
3176 2202.02
3177 1855.71
3178 5768.59
3179 4251.69
3180 2508.90
3181 2868.67
3182 2200.45
3183 3028.33
3184 3112.24
3185 4203.83
3186 627.82
3187 1665.19
3188 2297.95
3189 6917.16
3190 2198.24
3191 619.05
3192 740.85
3193 2959.20
3194 1884.68
3195 3524.08
3196 2021.23
3197 1727.26
3198 3290.20
3199 1855.92
3200 5675.89
3201 3131.04
3202 280.71
3203 650.76
3204 731.08
3205 2935.99
3206 5989.42
3207 320.77
3208 1267.36
3209 1686.24
3210 2770.08
3211 941.43
3212 3743.37
3213 2797.79
3214 4309.37
3215 185.98
3216 3029.20
3217 3617.57
3218 2792.38
3219 651.11
3220 3355.35
3221 4230.56
3222 3304.03
3223 7129.35
3224 1341.37
3225 7286.04
3226 1406.28
3227 4750.12
3228 1726.98
3229 852.91
3230 3686.74
3231 6650.51
3232 1861.95
3233 3373.00
3234 916.32
3235 2664.22
3236 723.22
3237 905.21
3238 4023.65
3239 859.73
3240 610.95
3241 3596.03
3242 5742.39
3243 821.73
3244 1939.64
3245 3641.42
3246 2991.62
3247 3140.02
3248 5746.59
3249 2038.07
3250 635.79
3251 1306.42
3252 2377.27
3253 1590.19
3254 2388.09
3255 2106.70
3256 2992.91
3257 631.51
3258 2081.69
3259 2097.55
3260 8860.45
3261 3572.90
3262 298.65
3263 3611.99
3264 2595.25
3265 1728.36
3266 1714.95
3267 3846.49
3268 1751.94
3269 711.08
3270 2567.61
3271 1468.01
3272 806.12
3273 3049.67
3274 6289.50
3275 1130.65
3276 3525.90
3277 2527.23
3278 1151.21
3279 290.78
3280 3312.59
3281 7532.16
3282 1881.03
3283 3168.00
3284 4105.30
3285 3115.72
3286 517.25
3287 2272.47
3288 9247.11
3289 1733.13
3290 752.11
3291 6006.99
3292 2139.15
3293 1746.83
3294 706.98
3295 824.70
3296 4036.56
3297 644.11
3298 1700.46
3299 2084.51
3300 185.49
3301 4159.01
3302 5129.59
3303 1590.11
3304 2438.99
3305 3074.32
3306 2028.98
3307 1355.97
3308 201.54
3309 553.29
3310 4756.02
3311 1167.31
3312 2940.40
3313 8014.36
3314 1213.00
3315 4374.45
3316 1874.08
3317 1730.74
3318 202.48
3319 5040.37
3320 1130.24
3321 804.07
3322 1522.61
3323 5120.60
3324 849.75
3325 744.95
3326 770.38
3327 1485.22
3328 1818.40
3329 629.61
3330 383.74
3331 3348.84
3332 2686.43
3333 2543.92
3334 2260.73
3335 1120.47
3336 1025.36
3337 602.64
3338 2595.66
3339 1366.66
3340 247.74
3341 1733.45
3342 1666.02
3343 3528.84
3344 1447.77
3345 1314.96
3346 933.11
3347 4325.21
3348 1402.26
3349 1229.15
3350 233.32
3351 1943.01
3352 7180.61
3353 1262.08
3354 1364.09
3355 55.68
3356 1112.09
3357 1006.21
3358 1333.23
3359 1545.77
3360 1888.80
3361 480.81
3362 1247.45
3363 1618.29
3364 3545.24
3365 2629.23
3366 297.28
3367 1660.18
3368 732.22
3369 274.48
3370 2020.07
3371 1459.86
3372 690.36
3373 845.50
3374 918.36
3375 6311.25
3376 3691.50
3377 110.55
3378 925.86
3379 313.76
3380 4150.11
3381 1319.25
3382 2296.45
3383 1313.36
3384 2283.00
3385 608.93
3386 1495.30
3387 568.67
3388 340.35
3389 588.21
3390 1899.20
3391 848.73
3392 4296.73
3393 3394.46
3394 1711.36
3395 1191.97
3396 876.38
3397 847.72
3398 921.34
3399 1837.26
3400 1311.24
3401 1213.14
3402 294.12
3403 2581.51
3404 1825.55
3405 1699.48
3406 1063.19
3407 1611.42
3408 218.30
3409 2037.37
3410 2516.35
3411 1330.31
3412 1216.02
3413 180.81
3414 1166.82
3415 1449.98
3416 1286.22
3417 744.87
3418 757.57
3419 1060.61
3420 1692.18
3421 834.48
3422 818.47
3423 238.22
3424 799.04
3425 2354.00
3426 907.95
3427 2292.65
3428 436.95
3429 798.35
3430 805.07
3431 1293.92
3432 3721.12
3433 420.05
3434 196.22
3435 923.78
3436 1071.23
3437 338.97
3438 1088.34
3439 324.72
3440 1224.60
3441 385.55
3442 528.74
3443 1370.66
3444 663.14
3445 1838.74
3446 1493.30
3447 1082.56
3448 1818.65
3449 882.58
3450 2396.38
3451 1336.93
3452 1549.99
3453 1294.51
3454 1531.97
3455 782.84
3456 1407.78
3457 742.34
3458 1410.56
3459 415.85
3460 882.56
3461 1486.54
3462 2088.38
3463 1377.93
3464 1407.99
3465 4215.28
3466 310.59
3467 1483.21
3468 2299.11
3469 2160.61
3470 1840.26
3471 2562.14
3472 1230.10
3473 1251.63
3474 1184.84
3475 2591.76
3476 364.82
3477 1216.73
3478 128.42
3479 3406.71
3480 2015.83
3481 1196.96
3482 784.25
3483 1461.35
3484 863.36
3485 1043.60
3486 1439.49
3487 49.48
3488 1359.06
3489 2343.41
3490 661.94
3491 1697.17
3492 239.28
3493 2502.02
3494 1417.65
3495 1024.86
3496 544.08
3497 2706.74
3498 1282.05
3499 779.65
3500 1566.10
3501 334.16
3502 536.69
3503 2271.63
3504 325.02
3505 835.32
3506 1209.37
3507 619.61
3508 1778.39
3509 861.26
3510 810.06
3511 1163.85
3512 571.36
3513 2420.23
3514 3889.93
3515 692.43
3516 878.19
3517 713.30
3518 871.97
3519 1225.54
3520 514.59
3521 1435.94
3522 1937.41
3523 1328.36
3524 746.65
3525 1700.33
3526 815.87
3527 1533.00
3528 1393.92
3529 832.13
3530 425.58
3531 1980.36
3532 2512.15
3533 2330.34
3534 2354.62
3535 919.28
3536 2628.69
3537 514.41
3538 431.74
3539 2697.20
3540 1805.20
3541 1725.52
3542 1993.06
3543 124.98
3544 2579.86
3545 2881.07
3546 3068.32
3547 1195.43
3548 1706.57
3549 2117.65
3550 512.01
3551 1428.42
3552 811.16
3553 1858.24
3554 1124.25
3555 848.11
3556 71.23
3557 1473.07
3558 1296.11
3559 1614.07
3560 1092.82
3561 902.57
3562 547.73
3563 577.60
3564 1440.38
3565 311.25
3566 1729.55
3567 3918.37
3568 1187.42
3569 1227.74
3570 976.40
3571 718.19
3572 758.01
3573 3421.04
3574 1063.47
3575 915.89
3576 2415.88
3577 659.58
3578 804.34
3579 2061.12
3580 1245.14
3581 2003.48
3582 271.01
3583 932.89
3584 2751.21
3585 252.09
3586 549.24
3587 1183.77
3588 961.95
3589 190.65
3590 1299.23
3591 2352.66
3592 2338.94
3593 942.22
3594 1071.62
3595 70.83
3596 1649.20
3597 1451.64
3598 2778.57
3599 1721.72
3600 1587.09
3601 1932.30
3602 2442.75
3603 1177.25
3604 2028.70
3605 1225.01
3606 1101.16
3607 1397.09
3608 1541.70
3609 987.06
3610 792.84
3611 543.40
3612 380.71
3613 483.00
3614 1802.76
3615 3652.29
3616 1749.53
3617 1073.23
3618 2077.96
3619 2257.92
3620 546.80
3621 877.47
3622 1022.12
3623 689.42
3624 1505.20
3625 489.63
3626 739.70
3627 575.24
3628 224.99
3629 1494.67
3630 4275.60
3631 3757.71
3632 1353.81
3633 7045.80
3634 2642.13
3635 1066.45
3636 544.35
3637 1238.42
3638 639.16
3639 1078.01
3640 289.87
3641 1087.99
3642 2806.61
3643 1326.06
3644 196.48
3645 709.87
3646 2241.84
3647 2925.49
3648 887.14
3649 3599.30
3650 840.19
3651 792.62
3652 2355.89
3653 568.50
3654 1044.34
3655 1263.01
3656 2616.71
3657 1925.28
3658 652.84
3659 438.70
3660 453.66
3661 577.58
3662 232.16
3663 1846.57
3664 1017.41
3665 3438.93
3666 2048.38
3667 2454.23
3668 5286.48
3669 541.67
3670 1985.08
3671 240.69
3672 778.40
3673 2065.04
3674 63.89
3675 1962.99
3676 1482.40
3677 2550.13
3678 768.99
3679 489.42
3680 1593.81
3681 2918.76
3682 382.79
3683 1730.55
3684 569.61
3685 855.24
3686 506.12
3687 1585.86
3688 1018.76
3689 559.64
3690 1053.67
3691 486.38
3692 1018.66
3693 1517.14
3694 1342.76
3695 1524.54
3696 462.10
3697 825.28
3698 2044.82
3699 765.44
3700 1410.15
3701 509.18
3702 567.66
3703 638.17
3704 462.76
3705 1048.84
3706 528.87
3707 2096.91
3708 2736.17
3709 1337.57
3710 453.36
3711 1112.05
3712 1025.08
3713 2541.21
3714 1412.95
3715 1527.74
3716 509.75
3717 1152.18
3718 2765.38
3719 524.97
3720 749.55
3721 1479.55
3722 759.82
3723 437.66
3724 1352.75
3725 1230.13
3726 493.29
3727 1713.81
3728 1335.39
3729 222.65
3730 1220.54
3731 608.76
3732 467.16
3733 1705.42
3734 324.06
3735 2150.71
3736 1032.64
3737 1160.97
3738 716.52
3739 1894.62
3740 3386.11
3741 226.15
3742 2294.82
3743 1270.61
3744 972.14
3745 1231.01
3746 1252.94
3747 559.13
3748 1658.66
3749 967.68
3750 2940.31
3751 1602.97
3752 1551.89
3753 466.25
3754 1147.72
3755 2093.60
3756 5806.84
3757 1901.00
3758 465.22
3759 1221.74
3760 4629.68
3761 1032.54
3762 563.12
3763 1886.52
3764 826.19
3765 2147.40
3766 1028.09
3767 1221.90
3768 2116.68
3769 638.42
3770 2269.62
3771 869.05
3772 467.49
3773 1183.94
3774 1354.48
3775 2194.66
3776 2224.97
3777 683.53
3778 656.68
3779 2480.40
3780 3256.20
3781 2104.77
3782 1289.54
3783 363.22
3784 127.39
3785 4035.11
3786 2228.53
3787 1101.34
3788 1639.82
3789 1675.92
3790 1563.13
3791 2457.16
3792 1262.88
3793 503.70
3794 1984.16
3795 523.52
3796 535.42
3797 1455.86
3798 1131.23
3799 3495.55
3800 4554.44
3801 1626.92
3802 3215.68
3803 256.39
3804 829.40
3805 737.62
3806 799.39
3807 973.34
3808 5572.87
3809 2590.89
3810 552.57
3811 1931.65
3812 4145.96
3813 325.57
3814 521.26
3815 2446.36
3816 1504.33
3817 763.40
3818 1396.58
3819 5066.68
3820 1393.52
3821 1382.94
3822 2962.25
3823 1242.96
3824 835.05
3825 1579.10
3826 837.95
3827 2092.54
3828 42.12
3829 1560.60
3830 1310.99
3831 939.31
3832 930.27
3833 60.93
3834 1068.31
3835 817.76
3836 2750.72
3837 4545.39
3838 880.16
3839 1017.79
3840 263.84
3841 1773.73
3842 1190.35
3843 244.14
3844 2134.26
3845 1557.12
3846 2308.94
3847 1903.80
3848 1661.78
3849 2325.08
3850 472.57
3851 799.83
3852 2088.09
3853 607.96
3854 984.15
3855 3523.19
3856 437.75
3857 763.39
3858 2164.78
3859 2538.93
3860 231.01
3861 2153.92
3862 2307.85
3863 1539.45
3864 2731.58
3865 2414.18
3866 923.21
3867 517.53
3868 3343.20
3869 1934.03
3870 2262.93
3871 1157.72
3872 680.47
3873 2969.76
3874 926.39
3875 2021.81
3876 4509.26
3877 1266.74
3878 1461.92
3879 252.58
3880 1302.94
3881 1270.39
3882 414.68
3883 1651.02
3884 589.03
3885 859.15
3886 708.44
3887 1076.58
3888 1321.22
3889 1002.73
3890 75.38
3891 1431.84
3892 522.75
3893 865.99
3894 2163.90
3895 2209.34
3896 633.94
3897 1177.11
3898 4474.35
3899 1843.56
3900 1019.68
3901 71.95
3902 790.91
3903 2619.32
3904 2709.46
3905 548.90
3906 266.20
3907 1506.68
3908 2145.60
3909 558.80
3910 488.19
3911 806.22
3912 6303.06
3913 3455.23
3914 1391.10
3915 2358.51
3916 1784.49
3917 1487.91
3918 1885.10
3919 2039.14
3920 1296.77
3921 913.35
3922 257.36
3923 576.01
3924 1481.65
3925 456.23
3926 404.62
3927 3763.09
3928 2250.82
3929 267.52
3930 1000.91
3931 778.41
3932 1031.15
3933 1234.04
3934 2240.56
3935 1736.07
3936 1004.43
3937 2479.85
3938 107.01
3939 2550.94
3940 1248.15
3941 878.66
3942 1167.35
3943 1531.47
3944 284.26
3945 919.06
3946 1790.56
3947 1950.84
3948 2525.97
3949 3003.83
3950 931.70
3951 911.14
3952 1871.87
3953 1223.03
3954 1128.95
3955 1153.85
3956 1407.93
3957 3519.48
3958 2069.08
3959 4095.83
3960 1635.50
3961 1511.63
3962 2528.10
3963 1677.64
3964 822.15
3965 411.20
3966 796.65
3967 1440.50
3968 1752.57
3969 241.78
3970 301.07
3971 2483.71
3972 2038.82
3973 946.07
3974 1583.43
3975 855.03
3976 613.99
3977 1574.19
3978 113.27
3979 3260.07
3980 1847.27
3981 2776.65
3982 275.65
3983 3240.65
3984 587.92
3985 676.11
3986 593.75
3987 3188.84
3988 4554.37
3989 3080.58
3990 766.92
3991 318.13
3992 1212.36
3993 554.56
3994 363.23
3995 1388.38
3996 775.97
3997 886.04
3998 2844.02
3999 632.63
4000 450.69
4001 284.01
4002 801.59
4003 1182.90
4004 764.06
4005 736.36
4006 1036.60
4007 1165.13
4008 648.09
4009 4402.52
4010 2311.12
4011 75.70
4012 638.21
4013 2211.42
4014 476.60
4015 1272.03
4016 1302.49
4017 1125.00
4018 689.60
4019 3472.51
4020 3508.59
4021 438.56
4022 1377.47
4023 1614.97
4024 2400.41
4025 786.75
4026 1850.81
4027 1316.47
4028 1407.56
4029 691.52
4030 3010.82
4031 2098.05
4032 570.43
4033 488.28
4034 2043.04
4035 240.56
4036 650.63
4037 311.88
4038 3289.44
4039 1901.61
4040 807.78
4041 2251.22
4042 1066.81
4043 667.96
4044 1264.38
4045 1992.67
4046 955.36
4047 755.42
4048 757.52
4049 377.03
4050 913.65
4051 598.34
4052 1165.06
4053 2361.98
4054 1766.90
4055 1740.02
4056 1508.44
4057 3165.98
4058 787.65
4059 707.89
4060 566.04
4061 1082.45
4062 1892.14
4063 1315.28
4064 2415.03
4065 623.61
4066 3321.38
4067 2884.10
4068 2148.50
4069 550.99
4070 1361.09
4071 3159.46
4072 1279.68
4073 1254.91
4074 1327.48
4075 1100.90
4076 746.25
4077 2054.39
4078 2022.92
4079 1607.13
4080 825.54
4081 694.18
4082 2267.51
4083 1197.80
4084 113.95
4085 2069.05
4086 2352.58
4087 2921.82
4088 1261.19
4089 1290.63
4090 1156.62
4091 263.10
4092 400.57
4093 1712.58
4094 847.92
4095 1999.05
4096 1821.60
4097 1868.11
4098 1034.20
4099 627.44
4100 732.82
4101 921.77
4102 1554.56
4103 649.97
4104 3173.95
4105 323.00
4106 352.89
4107 643.15
4108 694.32
4109 904.46
4110 1725.95
4111 817.08
4112 282.39
4113 3069.02
4114 1890.31
4115 430.23
4116 623.57
4117 4269.89
4118 1634.59
4119 2268.22
4120 1684.82
4121 2580.11
4122 2786.37
4123 1109.71
4124 1117.03
4125 426.02
4126 1470.63
4127 930.53
4128 1133.69
4129 238.73
4130 1342.18
4131 224.64
4132 460.02
4133 1037.13
4134 1812.24
4135 506.80
4136 1610.05
4137 240.99
4138 661.14
4139 3985.76
4140 1671.67
4141 788.42
4142 1233.02
4143 1915.81
4144 1062.55
4145 1311.84
4146 2819.58
4147 1034.34
4148 1127.36
4149 267.38
4150 1908.80
4151 523.32
4152 2003.86
4153 2611.40
4154 4155.91
4155 353.54
4156 1338.96
4157 497.74
4158 2582.72
4159 597.29
4160 1076.02
4161 1730.28
4162 933.70
4163 2032.65
4164 2185.76
4165 515.53
4166 1615.47
4167 2284.06
4168 467.80
4169 736.56
4170 1142.92
4171 469.52
4172 895.32
4173 438.29
4174 514.42
4175 3118.34
4176 4157.32
4177 618.86
4178 4116.71
4179 807.35
4180 571.67
4181 855.21
4182 2351.71
4183 1704.74
4184 362.88
4185 1268.71
4186 2342.38
4187 3446.71
4188 2316.43
4189 593.10
4190 809.22
4191 760.59
4192 480.55
4193 2673.78
4194 3439.93
4195 513.88
4196 2393.84
4197 5277.82
4198 2261.02
4199 1538.94
4200 1615.91
4201 1189.94
4202 958.34
4203 1041.03
4204 1719.05
4205 2762.68
4206 1462.09
4207 1047.91
4208 960.82
4209 95.56
4210 1625.40
4211 608.81
4212 247.71
4213 624.22
4214 2003.63
4215 1520.14
4216 1442.79
4217 468.40
4218 485.61
4219 2244.32
4220 4571.77
4221 2473.14
4222 521.73
4223 453.79
4224 585.25
4225 2361.13
4226 963.18
4227 764.13
4228 260.22
4229 397.73
4230 562.72
4231 2518.28
4232 1086.74
4233 448.38
4234 2206.66
4235 193.97
4236 1554.50
4237 4837.43
4238 1359.07
4239 764.09
4240 868.65
4241 554.32
4242 626.17
4243 2221.67
4244 1542.94
4245 101.76
4246 544.98
4247 1846.07
4248 776.23
4249 833.17
4250 2240.89
4251 3697.00
4252 1308.02
4253 1478.03
4254 505.29
4255 2212.19
4256 870.03
4257 615.52
4258 2877.75
4259 853.58
4260 697.15
4261 479.09
4262 738.71
4263 313.19
4264 811.93
4265 1439.94
4266 556.68
4267 243.85
4268 728.21
4269 596.07
4270 735.66
4271 1683.30
4272 921.13
4273 1040.00
4274 1740.53
4275 423.31
4276 102.81
4277 429.67
4278 546.74
4279 669.36
4280 801.52
4281 308.07
4282 345.33
4283 286.63
4284 789.37
4285 710.21
4286 399.87
4287 84.59
4288 164.58
4289 751.93
4290 308.03
4291 471.09
4292 295.63
4293 195.39
4294 519.22
4295 320.58
4296 348.54
4297 451.56
4298 503.54
4299 304.49
4300 248.68
4301 93.79
4302 437.88
4303 284.85
4304 1029.83
4305 684.26
4306 756.16
4307 168.51
4308 391.00
4309 660.43
4310 304.11
4311 691.58
4312 169.47
4313 1071.02
4314 251.70
4315 751.58
4316 267.09
4317 344.13
4318 651.08
4319 340.08
4320 297.25
4321 305.53
4322 825.90
4323 537.45
4324 575.90
4325 427.03
4326 368.54
4327 280.95
4328 481.62
4329 493.79
4330 577.81
4331 301.26
4332 296.78
4333 891.93
4334 371.89
4335 407.62
4336 288.07
4337 125.13
4338 412.95
4339 377.24
4340 473.67
4341 237.61
4342 421.52
4343 380.89
4344 669.11
4345 70.93
4346 559.47
4347 362.75
4348 543.96
4349 763.13
4350 420.82
4351 377.81
4352 798.21
4353 584.92
4354 588.40
4355 620.10
4356 245.45
4357 608.93
4358 238.91
4359 207.53
4360 204.23
4361 280.33
4362 133.54
4363 512.36
4364 51.62
4365 698.74
4366 1211.95
4367 375.20
4368 217.34
4369 413.88
4370 211.99
4371 60.30
4372 434.86
4373 593.92
4374 329.65
4375 186.65
4376 206.40
4377 404.03
4378 937.34
4379 125.67
4380 233.97
4381 566.47
4382 109.21
4383 863.24
4384 602.81
4385 179.32
4386 387.16
4387 670.01
4388 410.60
4389 332.03
4390 635.46
4391 153.51
4392 501.69
4393 336.44
4394 96.60
4395 732.02
4396 623.76
4397 692.29
4398 479.05
4399 170.30
4400 282.30
4401 960.30
4402 199.27
4403 239.16
4404 216.83
4405 361.42
4406 350.33
4407 680.40
4408 300.93
4409 306.35
4410 167.25
4411 491.97
4412 545.39
4413 608.60
4414 587.97
4415 776.73
4416 255.88
4417 383.34
4418 193.18
4419 397.69
4420 70.62
4421 594.00
4422 415.01
4423 204.50
4424 419.02
4425 262.27
4426 322.41
4427 1066.50
4428 929.12
4429 252.26
4430 626.86
4431 481.43
4432 156.84
4433 381.97
4434 591.39
4435 352.79
4436 919.87
4437 494.38
4438 482.94
4439 427.58
4440 123.50
4441 433.52
4442 1047.43
4443 217.37
4444 619.60
4445 600.66
4446 151.82
4447 92.44
4448 962.54
4449 331.29
4450 552.19
4451 572.45
4452 709.91
4453 141.39
4454 397.40
4455 84.14
4456 380.59
4457 169.54
4458 325.48
4459 174.52
4460 1001.52
4461 1174.18
4462 146.04
4463 303.25
4464 505.14
4465 490.91
4466 260.57
4467 316.25
4468 389.16
4469 363.89
4470 474.47
4471 275.49
4472 815.65
4473 45.49
4474 502.16
4475 564.22
4476 627.74
4477 403.41
4478 239.21
4479 476.85
4480 232.28
4481 685.70
4482 555.47
4483 1095.40
4484 359.62
4485 483.74
4486 599.69
4487 468.57
4488 449.80
4489 85.11
4490 362.24
4491 256.13
4492 921.23
4493 725.62
4494 255.86
4495 502.47
4496 597.57
4497 131.04
4498 1104.85
4499 143.25
4500 328.53
4501 297.90
4502 797.37
4503 172.16
4504 425.32
4505 1081.79
4506 161.54
4507 405.30
4508 413.61
4509 962.13
4510 350.24
4511 342.29
4512 509.17
4513 243.67
4514 250.05
4515 505.55
4516 660.71
4517 140.86
4518 603.55
4519 382.90
4520 86.56
4521 277.74
4522 454.77
4523 511.26
4524 195.00
4525 562.04
4526 328.84
4527 814.06
4528 817.92
4529 260.50
4530 265.67
4531 982.25
4532 246.77
4533 524.40
4534 400.58
4535 460.38
4536 540.04
4537 464.81
4538 790.81
4539 247.31
4540 477.42
4541 204.73
4542 537.24
4543 321.87
4544 630.57
4545 158.88
4546 476.90
4547 646.68
4548 282.61
4549 1056.77
4550 125.90
4551 197.99
4552 1220.27
4553 418.37
4554 871.44
4555 207.63
4556 293.46
4557 915.75
4558 215.91
4559 414.18
4560 672.49
4561 220.82
4562 439.27
4563 661.80
4564 402.98
4565 417.19
4566 644.55
4567 568.75
4568 1045.17
4569 395.36
4570 863.83
4571 172.68
4572 545.45
4573 115.31
4574 1334.45
4575 568.21
4576 784.77
4577 454.44
4578 297.01
4579 285.73
4580 489.48
4581 216.77
4582 572.53
4583 187.76
4584 367.21
4585 122.83
4586 413.97
4587 497.53
4588 685.16
4589 106.38
4590 166.63
4591 166.27
4592 344.14
4593 608.21
4594 560.92
4595 354.87
4596 218.88
4597 549.88
4598 182.74
4599 458.16
4600 673.78
4601 638.34
4602 99.94
4603 183.20
4604 732.45
4605 382.11
4606 427.54
4607 228.01
4608 513.24
4609 122.47
4610 456.10
4611 257.70
4612 270.61
4613 149.45
4614 462.51
4615 429.31
4616 516.15
4617 233.26
4618 596.95
4619 229.22
4620 631.92
4621 392.42
4622 153.15
4623 189.10
4624 484.21
4625 677.92
4626 184.94
4627 356.30
4628 297.36
4629 198.03
4630 207.82
4631 673.53
4632 182.59
4633 469.48
4634 999.25
4635 513.14
4636 534.57
4637 1058.69
4638 267.97
4639 262.85
4640 475.26
4641 267.97
4642 104.20
4643 555.44
4644 633.62
4645 169.19
4646 136.25
4647 854.26
4648 637.02
4649 114.49
4650 620.35
4651 719.25
4652 1005.41
4653 267.34
4654 1013.84
4655 842.12
4656 485.22
4657 215.12
4658 266.43
4659 450.99
4660 475.59
4661 152.54
4662 498.33
4663 903.30
4664 630.35
4665 491.17
4666 520.26
4667 471.51
4668 476.14
4669 206.17
4670 660.27
4671 387.47
4672 295.53
4673 673.11
4674 423.82
4675 352.73
4676 499.20
4677 345.31
4678 15.71
4679 399.22
4680 781.58
4681 352.06
4682 218.52
4683 134.12
4684 744.49
4685 503.12
4686 470.14
4687 355.85
4688 772.14
4689 400.80
4690 432.42
4691 139.00
4692 487.79
4693 166.05
4694 309.73
4695 423.78
4696 736.62
4697 734.14
4698 471.31
4699 268.03
4700 522.54
4701 271.68
4702 600.31
4703 139.59
4704 516.66
4705 1204.38
4706 169.83
4707 177.05
4708 477.70
4709 343.73
4710 427.35
4711 471.92
4712 581.85
4713 323.26
4714 187.95
4715 205.11
4716 478.87
4717 397.23
4718 183.46
4719 634.33
4720 604.30
4721 486.58
4722 301.97
4723 856.78
4724 189.42
4725 713.81
4726 991.55
4727 242.40
4728 165.13
4729 240.83
4730 332.48
4731 889.39
4732 411.05
4733 120.57
4734 145.33
4735 494.17
4736 536.21
4737 1167.60
4738 544.17
4739 576.08
4740 220.39
4741 663.04
4742 383.11
4743 335.18
4744 401.19
4745 917.41
4746 379.74
4747 859.49
4748 721.67
4749 210.78
4750 0.00
4751 0.00
4752 0.00
4753 0.00
4754 0.00
4755 0.00
4756 0.00
4757 0.00
4758 0.00
4759 0.00
4760 0.00
4761 0.00
4762 0.00
4763 0.00
4764 0.00
4765 0.00
4766 0.00
4767 0.00
4768 0.00
4769 0.00
4770 0.00
4771 0.00
4772 0.00
4773 0.00
4774 0.00
4775 0.00
4776 0.00
4777 0.00
4778 0.00
4779 0.00
4780 0.00
4781 0.00
4782 0.00
4783 0.00
4784 0.00
4785 0.00
4786 0.00
4787 0.00
4788 0.00
4789 0.00
4790 0.00
4791 0.00
4792 0.00
4793 0.00
4794 0.00
4795 0.00
4796 0.00
4797 0.00
4798 0.00
4799 0.00
4800 0.00
4801 0.00
4802 0.00
4803 0.00
4804 0.00
4805 0.00
4806 0.00
4807 0.00
4808 0.00
4809 0.00
4810 0.00
4811 0.00
4812 0.00
4813 0.00
4814 0.00
4815 0.00
4816 0.00
4817 0.00
4818 0.00
4819 0.00
4820 0.00
4821 0.00
4822 0.00
4823 0.00
4824 0.00
4825 0.00
4826 0.00
4827 0.00
4828 0.00
4829 0.00
4830 0.00
4831 0.00
4832 0.00
4833 0.00
4834 0.00
4835 0.00
4836 0.00
4837 0.00
4838 0.00
4839 0.00
4840 0.00
4841 0.00
4842 0.00
4843 0.00
4844 0.00
4845 0.00
4846 0.00
4847 0.00
4848 0.00
4849 0.00
4850 0.00
4851 0.00
4852 0.00
4853 0.00
4854 0.00
4855 0.00
4856 0.00
4857 0.00
4858 0.00
4859 0.00
4860 0.00
4861 0.00
4862 0.00
4863 0.00
4864 0.00
4865 0.00
4866 0.00
4867 0.00
4868 0.00
4869 0.00
4870 0.00
4871 0.00
4872 0.00
4873 0.00
4874 0.00
4875 0.00
4876 0.00
4877 0.00
4878 0.00
4879 0.00
4880 0.00
4881 0.00
4882 0.00
4883 0.00
4884 0.00
4885 0.00
4886 0.00
4887 0.00
4888 0.00
4889 0.00
4890 0.00
4891 0.00
4892 0.00
4893 0.00
4894 0.00
4895 0.00
4896 0.00
4897 0.00
4898 0.00
4899 0.00
4900 0.00
4901 0.00
4902 0.00
4903 0.00
4904 0.00
4905 0.00
4906 0.00
4907 0.00
4908 0.00
4909 0.00
4910 0.00
4911 0.00
4912 0.00
4913 0.00
4914 0.00
4915 0.00
4916 0.00
4917 0.00
4918 0.00
4919 0.00
4920 0.00
4921 0.00
4922 0.00
4923 0.00
4924 0.00
4925 0.00
4926 0.00
4927 0.00
4928 0.00
4929 0.00
4930 0.00
4931 0.00
4932 0.00
4933 0.00
4934 0.00
4935 0.00
4936 0.00
4937 0.00
4938 0.00
4939 0.00
4940 0.00
4941 0.00
4942 0.00
4943 0.00
4944 0.00
4945 0.00
4946 0.00
4947 0.00
4948 0.00
4949 0.00
4950 0.00
4951 0.00
4952 0.00
4953 0.00
4954 0.00
4955 0.00
4956 0.00
4957 0.00
4958 0.00
4959 0.00
4960 0.00
4961 0.00
4962 0.00
4963 0.00
4964 0.00
4965 0.00
4966 0.00
4967 0.00
4968 0.00
4969 0.00
4970 0.00
4971 0.00
4972 0.00
4973 0.00
4974 0.00
4975 0.00
4976 0.00
4977 0.00
4978 0.00
4979 0.00
4980 0.00
4981 0.00
4982 0.00
4983 0.00
4984 0.00
4985 0.00
4986 0.00
4987 0.00
4988 0.00
4989 0.00
4990 0.00
4991 0.00
4992 0.00
4993 0.00
4994 0.00
4995 0.00
4996 0.00
4997 0.00
4998 0.00
4999 0.00
Execution time: 3516.382 ms
